[2026-09-13 11:25:25] เพิ่มรายวิชา ID=1001 ชื่อ=Computer Programming
[2026-09-13 11:26:25] เพิ่มรายวิชา ID=1002 ชื่อ=Intro to INE
[2026-09-13 12:30:08] เพิ่มรายวิชา ID=2001 ชื่อ=TABLE TENNIS
[2026-09-13 12:31:17] เพิ่มรายวิชา ID=1003 ชื่อ=DATA ENGINEERING
[2026-09-13 12:33:14] เพิ่มรายวิชา ID=1101 ชื่อ=DESIGN THINKING
[2026-09-13 12:34:30] เพิ่มรายวิชา ID=2002 ชื่อ=CHEMISTRY LABORATORY
[2026-09-13 12:34:40] ลบรายวิชา ID=2002
[2026-09-13 12:36:52] เพิ่มนักศึกษา ID=1000 ชื่อ=ฐิติวัชร์ ไทยเจริญ
[2026-09-13 12:37:26] แก้ไขนักศึกษา ID=1000
[2026-09-13 12:38:43] เพิ่มนักศึกษา ID=1001 ชื่อ=NABI SAMU
[2026-09-13 12:40:13] เพิ่มนักศึกษา ID=1002 ชื่อ=lnw za007
[2026-09-13 12:40:28] แก้ไขนักศึกษา ID=1002
[2026-09-13 12:42:37] เพิ่มนักศึกษา ID=1003 ชื่อ=Apinya 
[2026-09-13 12:45:06] เพิ่มนักศึกษา ID=67 ชื่อ=SIXSEVEN 67
[2026-09-13 12:49:55] สร้างรายงาน report.txt
[2026-09-13 12:51:27] ลงทะเบียน Student=67 -> Course=2001 (EnrollID=1)
[2026-09-13 12:51:53] ลงทะเบียน Student=67 -> Course=1101 (EnrollID=2)
[2026-09-13 12:52:11] ลงทะเบียน Student=1003 -> Course=1003 (EnrollID=3)
[2026-09-13 12:52:22] ลงทะเบียน Student=1003 -> Course=1001 (EnrollID=4)
[2026-09-13 12:53:00] ยกเลิกการลงทะเบียน EnrollID=4
[2026-09-13 12:53:12] สร้างรายงาน report.txt
[2026-09-13 12:53:36] แก้ไขนักศึกษา ID=67
[2026-09-13 12:53:46] แก้ไขนักศึกษา ID=67
[2026-09-13 12:53:54] สร้างรายงาน report.txt
[2026-09-13 12:54:10] ลบนักศึกษา ID=67
[2026-09-13 12:54:15] สร้างรายงาน report.txt
[2026-09-13 12:57:25] สร้างรายงาน report.txt
[2026-09-13 12:57:25] ปิดโปรแกรม (Exit)
[2026-09-13 13:01:46] ลงทะเบียน Student=1001 -> Course=1002 (EnrollID=5)
[2026-09-13 13:02:04] ลงทะเบียน Student=1000 -> Course=2001 (EnrollID=6)
[2026-09-13 13:02:18] สร้างรายงาน report.txt
[2026-09-13 13:02:18] ปิดโปรแกรม (Exit)
[2026-09-13 13:03:00] สร้างรายงาน report.txt
[2026-09-13 13:03:00] ปิดโปรแกรม (Exit)
